
[2026-07-13 16:28:56.244110]

📊 USDJPY=X TRADE PLAN (2026-07-13)
--------------------------------
Probability Up: 65.7%
Direction: 📈 BUY / LONG
Entry Price: 162.095
Stop-Loss: 161.3207 (77.43 pips risk)
Take-Profit: 163.2565
Risk/Reward Ratio: 1 : 1.5
Capital: $10,000.00
Risk per Trade: 1.0% = $100.00
Position Size: 129.15 units
Potential Profit: $150.01


[2026-07-13 17:34:02.875803]

📊 *USDJPY=X TRADE PLAN*
Date: 2026-07-13
--------------------------------
Probability Up: 56.5%
Direction: 📈 *BUY / LONG*
Entry Price: `162.363`
Stop-Loss: `161.589` (77.4 pips risk)
Take-Profit: `163.524`
Risk/Reward Ratio: 1 : 1.5
Capital: `$10,000.00`
Risk per Trade: 1.0% = `$100.00`
Position Size: 129.2 units
Potential Profit: `$150.00`

--------------------------------------------------

[2026-07-13 17:34:54.628340]

📊 *USDJPY=X TRADE PLAN*
Date: 2026-07-13
--------------------------------
Probability Up: 56.5%
Direction: 📈 *BUY / LONG*
Entry Price: `162.363`
Stop-Loss: `161.589` (77.4 pips risk)
Take-Profit: `163.524`
Risk/Reward Ratio: 1 : 1.5
Capital: `$10,000.00`
Risk per Trade: 1.0% = `$100.00`
Position Size: 129.2 units
Potential Profit: `$150.00`

--------------------------------------------------

[2026-07-13 17:43:39.523584]

📊 *USDJPY=X TRADE PLAN*
Date: 2026-07-13
Probability Up: 53.7%
Action: ⏸️ *HOLD / NO TRADE*
Reason: Probability within neutral range

--------------------------------------------------

[2026-07-13 17:44:12.444558]

📊 *USDJPY=X TRADE PLAN*
Date: 2026-07-13
Probability Up: 53.7%
Action: ⏸️ *HOLD / NO TRADE*
Reason: Probability within neutral range

--------------------------------------------------

[2026-07-13 17:44:39.194691]

📊 *USDJPY=X TRADE PLAN*
Date: 2026-07-13
Probability Up: 53.7%
Action: ⏸️ *HOLD / NO TRADE*
Reason: Probability within neutral range

--------------------------------------------------

[2026-07-13 17:47:31.656639]

📊 *USDJPY=X TRADE PLAN*
Date: 2026-07-13
Probability Up: 53.7%
Action: ⏸️ *HOLD / NO TRADE*
Reason: Probability within neutral range

--------------------------------------------------

[2026-07-13 17:47:58.582394]

📊 *USDJPY=X TRADE PLAN*
Date: 2026-07-13
Probability Up: 53.7%
Action: ⏸️ *HOLD / NO TRADE*
Reason: Probability within neutral range

--------------------------------------------------

[2026-07-13 17:50:09.802990]

📊 *USDJPY=X TRADE PLAN*
Date: 2026-07-13
Probability Up: 53.7%
Action: ⏸️ *HOLD / NO TRADE*
Reason: Probability within neutral range

--------------------------------------------------

[2026-07-14 06:30:16.065402]

📊 *USDJPY=X TRADE PLAN*
Date: 2026-07-14
--------------------------------
Probability Up: 57.5%
Direction: 📈 *BUY / LONG*
Entry Price: `162.417`
Stop-Loss: `161.6905` (72.65 pips risk)
Take-Profit: `163.5068`
Risk/Reward Ratio: 1 : 1.5
Capital: `$10,000.00`
Risk per Trade: 1.0% = `$100.00`
Position Size: 137.65 units
Potential Profit: `$150.01`

--------------------------------------------------
